<!DOCTYPE html>
<html>
    <head>
        <title>static inline</title>
        <link href="css/main.css" rel="stylesheet">
        <script src="js/app.js"></script>
        <script src="js/common.js"></script>
    </head>
    <body>
        <img src="data:image/png;base64,iVBORw0KGgoAAAANSUhEUgAAACYAAAAsCAYAAAAJpsrIAAAI20lEQVR4Ae1YDUyW1xX+RHSLy5Z17ZK1M1r/OrsqUQA1WrXqVoYgrljZALXZUmkVp51dtFrFWi3+YhVU/iMoIPIrRVT5UxAqCIIioFpUAQRVsIITtZg9e3jMG9Lg1yrSxmR7k5P3vOeee+5z7z3n3HNf085eb1SGdR/dHGY5pvEZoWZSpSm0+6jG7abhCDRZP0Nk02gKsxzdyA8EmWw6RdtNw7DVNAT+pt+LyEum9k6TbaeAafAtpoF8v4aIn4xD4qDpSB3xN1Hi76ZTNl5tn0tnyA8PzJ+D+Zle4eCuOLFoC+rS8tFytQEPWlthPOQlq0vPR/EiPyQNdmWfwQLa5cACTcO1QslW7qhOzMSDe/fxmI90a5KysHe4B1dwgGx1CbBtpqHYZjEUJ1cE4JuWu+js86DlHk6tDKItK9q0eipgMhDaYxRqU7LRVc+VlBzZFLhOANOSh1iMQFViBjTjO3fR+u+WpyHZAIBqbm1I95EaoxPArBFqOQoJA95GzItOXUmySdsa40mBKZKK/umL5jOXcPN4eVeSbOa/u1pjPBYwvpkSXoUfiTkIsQOccdj5Q2Q6LOhKks3dfRw1BscSaVsfAUzOGP2CA2pTj6I+owDMQ3LUmoRMpoisriTZrN13VGPUt1HmccQPmkYMQzoCI2Jl7GN/X4W8Gd740mP5j0fc1qhf2esoe9RWKjtHv+yAS7v242JEKi6G7/vBqTouA5nOH+hEMedj2s6Y3k4oWxmCinUROLsxEqe9g3BmTbj4MvIVPm18FMpWUL42vKOOePb1lQ4k940kH/wtnbMP7Ut2aMJcLcp3OT/zywgUzd+AqD72OkIK561HdD8HbDL1x/G5axEz0Am+5Ave90FUb3s5sHT6/gnS8VqrVRc/Zw1293ekfj/kv/cZbUpfOuG/Hq9jrmAudV504DZamQfGPZaffdN0W5FDOe7dbELOtI/U8e6NRuR6eKtiaKm7Lh32w/2vm5Htslj9WxpuIntaG2+lwzzX9WMda3dqr+KwE/UtbGnnJg6O8URQN/LXG5E20UvZ4LuB9SSwW03Icl4IAWu4pUE1EI0cdVsOAbtyDYenCJjAH3lrkfoTPPUXgW5B8DeQO32pou1OdT0IzABDYLMRTJ7gkT7h/8D+l4DJ+W81E5icH/cb24C1O3+euwHsOgRMzt+EbAMYHZsTEbC79TcM50dLzVUDmHQI7AmcX/XXSDSVnseBCZ7KLTdLziLtzbnq2FBUjswpSoZoyD8tHYLE1yfP4dAf5+gy0niiAmnk/dr0j5chY/J86d/IO4WD1N/WbSh1ypFs7QHytFmGlFHvmAdGUv0V+/JU7B3mobOrI++ORPLxfaeqzE4Y6GLIDR5JVu7Ud0FcX8nVN076btR529CR/kO5dMBrJIihAzDNPL7fW4+o5//TgRf3hHLzOnp0w+KKmz/EC2avRtH7a1H43pofidbqRIl87k1zh7hxG3qFNEhvgxcZfEfqoNcZMluPGcD82hUVTZ9zMC6xAsO4H7YbVJv0+DZ46T6srWyf+iauZYz85R9wPiAeF8OSseu5ifjCbhaqY9N56K7DoXGeqFgfgcJ/rEcNS5ULgQmoik1DyRJ/JA6ejrP+MagMScQ+m1lIeNUVB8fPkd8SqKj95iWZkZ5ImojRbt75W++0AAByPJbizMad4utSjqqC4GGt/PbV9jjJaxOzlIhrko8gbdIcpNjMxDHP1chxW4KTi7eqqtj7mhuSh7hr8GALO6RYz9I4gQQVTp9OHOSKmN86CaRZYAkDXJgIr+FGYTlL3xxcPVKEawWlqE/N06q13r6jC2v8UBcBy/ZYDB/T8zjlHYArB/JQyHIpxNIOOe5LUeS1AbmzVqBicxTObIlC7kxv5rd5KF0VxEJ0HwHORC0nVPzxVlQlH9YEiMEsMGX0kmVblTaYOFHuG45rmYUC9g2BhbTN2mqGgLEEVyLd09sRcX2cuc0bcDk2jYC8cWL+RrpFHHb2nYiIPhNxISQJGU4foPSzEN0l0gmymrpBlrY49WkAMuwXyEcfCSyR9737PBszma1b797jxSEDp1cF43pOibaSl1Yl4ZRhMwXs2IwVCoKqpEyCXM4tXIrzoUkEthyFXutR+mmIVrH4w004yZX5alssCrzWEfwhbr0XqqMO6H5ZtjrULDBF4Y6eY5E1ZSEieo2XYvzgaaTp2D/WE3uYpelfOnj5FxLZrksQ85KjjO3pPQUnl25F8cJNiPjZG4h6wR7M8Bx0pCrUY6x2QyxHyEbhQl9kOC7Arl8wuGxncaK2Cp6ox8ljdEylDUaP8VNOhzLbqGdt6Kk9mCmBkaaSWTLqiRRtsmOkHyPVKO0wGPTNsfU25/wScBBFTmA3/beA5BY2/LZWW1A3G4hMelPXVgOGdLfDjh6vyzjPPIT3GKuVDWK7+nazkz5LKoRajILaJLfFDsvXEd5znMbjpDsC4wzpwFN54c1FnudKVO1J04l/ISoV6Q7zEdfbGVVxaTg210c/RL6cvQrlGyKUZE99Ekg+nJXJaJwLiGVULkHyUDdUx6fj9JownPjXZvrUPFyOT0P0byajMnQvSj4JoIu8iyMui/Tj5uGRZGXG+Xn63zp7EQ3FFahj5EQ9b4/mSzUo9wlj7vkzblfXof5wIdgHF8L28saeT4OTcM4/GiWrg7D7pcm4FHMQ+8d74othM3D7ci2azl/mn8UtrMuWyenpx4rK5po65LCIjPjpOBQv8zcc/9ErltDfBRf3HEDNvmyc9gnVAGUbI8AfbkqeZ/yiOesMxLGsKd+0C+WbI5E49K9KL1WpOYgmsPNBCch9ZwXlbqiMTMGF3ak48pePkOW4EFwZ6jihlJF+OTkLR92XaxuPM+K5MOZ9jL4gH+HdUttFXgk1mN+hFiP5tgPbJA/qTv+xUA2npBrRa4J8hCuCXT+fRP+TrvpQR9/cLkbqGNmWnDYJQu/v+Q2liDNI34ZM73beIENuRBXfw0XftiU96ciG0daeDb4H2DNCBrBKAmumoPEZIWKxrfwvTvBOhqRXlCAAAAAASUVORK5CYII=" width="38" height="44" title="MIT Sloan" alt="MIT Sloan" >
        <h1>Grunt inline static content plugin</h1>
        <img src="img/MIT_Sloan.png" width="38" height="44" title="MIT Sloan" alt="MIT Sloan">
    </body>
</html>
