<html>
    <head>
        <title>static inline</title>
        <style>
h1{
	color:#ff0000;
	align:center;
}

img {
	border:1px solid red;
}
</style>
        <script src="js/app.js" ></script> 
        <script src="js/common.js" ></script> 
    </head>
    <body>
        <img src="imgs/MIT_Sloan.png" width="38" height="44" title="MIT Sloan" alt="MIT Sloan" />
        <h1>Grunt inline static content plugin </h1>
    </body>
</html>