<!DOCTYPE html>
<html>
    <head>
        <title>static inline</title>
        <style>
h1{
	color:#ff0000;
	align:center;
}

img {
	border:1px solid red;
}
</style>
        <script>
(function(){
	var app = function(){
		console.log("This javascript module should be presented inline");
	}
	app();
})();
</script>
        <script>
(function(){
	var commonShell = function(){
		console.log("common shell");
	};
	commonShell();
})();
</script> 
    </head>
    <body>
        <img src="data:image/png;base64,iVBORw0KGgoAAAANSUhEUgAAACYAAAAsCAYAAAAJpsrIAAAJFElEQVRYw+1YCVCV1xV+LNqOnXaaJp1prKNxIdUKjCKoo3FvQwiIDUZaRMm0E0lcqqnpaDQKMRo0KkYFhcd7jDz1IfJYJIgLm4IQQRBcWNSgsgkugIIVF5x8Pef87+GT8BgXzDjT/jNn/vOf/9xzv3vvueece1U7e02siLQZ0xJpO7bxJSHGUqHS2oxu3K4ajnCV00tEIxpVkbZjGvlDrRrxTLRdNQyhKnuEqP4oxDzLntWeQs7PBow736IaRO+h0P1sPBLsZiBl5N+FEv4wg2QT5N83omP/4oGFUGdbVW9S5944uWQL6lLz0Hq1AQ/b2mB6mGdZXVoeipZsReJgb2ozWIB2O7Bw8kGeoSTHmahOyMDDe/fxpA/r1iRmYt9wX5rBgWKrW4BtUzlgm7UDTgWG4UHrXTzr87D1Hk6vUpMtR7Lp+HzA2IC2x2jUJmehu54rydlis2twXQDjKddYj0RVQroy4jt30faf1ucitsFPNS2txmZUF8vaJTAnaG1HI37g+4h53aNbiW2ybcsu1AUw3kmF/wpGS/llNJ0o7VZim3kfrpE+nggYv0NUQ6jBEIlBsQM9ccTzU2S4LepWYpt7+rpLH1uN/T2+rGbA2BmjX3NDbcox1KfnSxxiR62Jz6AQkdmtxDZr9x+TPuqZMk4gzm46YbD/MTBGzBH7+D9WI3dWAL7zXfnTES2r/jeuZqmsw1JydI5+ww2Xdx3AJV0KLkXtf+FUbUhHhucnklEs+hgvZ0wfD5Ss0qDsax3ObdyNswFqlK+NEr6E+LIg5vUoCST5uqhOdcrXUttgow7Lg0keGPGYzjmjfZYdnjSvQ8rqxPk1NiNRuHAD9H1dJYUULFiP6P5u2KQagBPz1iFmkAeCic//OAj6Pq7iwKLT7x1FZ/46mXXh567FngHupN8feR99ZbQ5SHSifjtB0lz+PNJ53Y2W0dEyMF5j9rMHzbdl57D8XlMzsqd/Jg3v3mhEjm+AVAytdddFh9vdv9mCLK+l0r61oQlZ05eKPifzHO/PJa3dqb2KIx6kb+1MdppwaKw/1FbEX29E6uT5Eg26BtaTgN1qRqbnYgVYwy1jp9QRGTnms1IBduUajkxVgDH4o+8tkfYMPstribhFa90N5MxYLrvtTnW9AswI5tDYOYggnsGnTfo/sP8pYOz8t1oImOL89xsZ2CPnz51pAna9Hdj9m83IagfWJANhYHfrb7Q7f2vN1UfAxPnnPI3zc/01Cs1nLuDgJH+JLU3F55D69jxp2FBYioypSjBsyDtr1LHHzVPncfjPc+Uw0niyDKnEc/5rOFGC9HcXiv6N3NM4RPrbrBxIpxRJTr7CNxSWIHn0B5aBSQyj+iv2jWnYN8xXcteP+Zl08JiOuH7TpMyOH+TVLjfxiSSPs/OCoZ8i57YG0fchnffbdVjfYLTDOnSMNCuDzIDxyOP6v9dJPf9Dp/wPTym3rKM8fMLiGbeYxPPnrEHhx+tQ8NHan4jWSUbZ/crblpO4chp6k8jO+Dbxdh34jtRR7+nJYj1mArbVTJF30zfUGU8xbwzT+dAcNP9jPdNJnHnWVWor5+c/ifM07v71n3AhLA6XIpOw65XJ+NbFD9WxaZR0v8bh8f4oW69DwT/Xo4ZKlYvh8aiKTUXxshAkDJ6BcyExqNAkYP8IP8QP8cahCXPFb+X4R/To5GXf/s19bjcOxCIwk/O33WkVZ8z2XY7yjTuFr0s+JhUEJ2uOb99vN4i8lqpRDsQ1SUeROmUukkfMxnH/Ncj2WYZTS0Olqtg31AdJ9jOl8whrFyQ7+Uk/4QQqinw6wc4bMb/36HDf0QFY/EAvCoTXcKOglErfbFw9Wohr+WdQn5Irs9Z2+44cWOMcvARYlu9SBKlexemAMFw5mIsCKpc0ti7InrkchfM3IMcvEGWb9SjfokfO7ACKbwtwZrWaCtH9BHA2amlARZ+HoirpiAwgtLPSuh0YRfTiFaESNjhwlgZH4VpGgQB7QMA0PGrHWQKMS3AOpHv7uMPQ15OWeQMqaXlz/AJwcuFGcgsDdvabDF3fybioSUS6xyc485VGzhJpBLKadNW2zjj9ZRjSXRd1Hi4YWAKd9+5TbsygaN129x4dHNJxdnUErmcXy1LyoZWDcPKw2QLs+KxA2QRViRkEciUt4XJc0CYSsJUomL8eZ77UyCwWfboJp2hmvt8Wi3waYGXsYVr6+ajWH5TzZckarWVgvAt39ByHzKmLoes1QRTjBlOUJ8c+MM4feylKs39x4t3ZayKyvJchpre7GNvbZypOLQ9F0eJN0P1iIvSvuUqE19qOkgr1OFW7GtuRYqNgcTDS3Rdh169oczn70UCdZfPonySOsWNy2ODdY7qU46S8RQ4MTu16/D+CQgLvNC6ZFZmjkRykI/PwYwo1HHZ4M/C3slpDLTs/C7gT3jnhVsq9hcitCbCVk/xTW41QSKW8I2i0csdh44IdPd4S45zzonqMk5nlMlraWrmIPpdUWuvRyj+RO2OH7VuI6jle+lN3lit5hIa+0+jAm4Nc/1Wo2psqGf+iPgVpbgth6OOJKkMqjs8LkguR7+asRukGnQTZ01+EEx9FlckYnA+LpV25DEkOPqiOS8PZtZE4+e/N5FMLUBmXiujfvYsK7T4UfxFGLvIhjlLtxhc3SkpytOD8lP1vnbuEhqIyil3Z0L/qipbLNSgNiqTY8xfcrq5D/ZECUBtcjNxHJ/Y8MjgF50OiUbxGjT2938XlmEM4MMEf3w6bhduVtWi+UImiJVuoLlshTs9+zLuypaYO2VRE6n4+HkUrQswcv5MZix/ghUt7D6JmfxbOBmmlg5KNOrlw4+BZvjWaRp0OA5U1pZt2oXTzbiQ4/E3CS1VKNqIJ2AV1PHI+CCS5Dyp2J+PinhQc/etnyHRfLDMT3duDYlkEKpMycYyKTl7GE7TjH7+r7ehj5AvsI3y25OVingNqBH1rrUfR20X+sVxtQ/5jrdRwHFR1vSaJj/CM7PrlFPFV1pU2pMPfvFxa27FiW5GPknyqvLu8hlJ2nIkUZ3Rq58PNeHMy5Vol/w0XetyWosc64WZ2zKNBt1ynv3hSgFUQsBYSNL4kRFicK/4LTvBOhhObsF8AAAAASUVORK5CYII=" width="38" height="44" title="MIT Sloan" alt="MIT Sloan"  />
        <h1>Hello World, Grunt inline static content plugin </h1>
    </body>
</html>